FUNCIONES DEFINIDAS POR EL USUARIO
SUM, AVG, MAX, MIN

PROCEDIMIENTOS ALMACENADOS
	METODOS ALMACENADOS EN EL SERVIDOR
	CONSULTAS


TRIGGERS
	METODOS ESPECIALES QUE SE EJECUTAN EN CIERTOS EVENTOS DE LAS TABLAS:

	INSERT, UPDATE, DELETE

MySQL Shell 8.0.12

Copyright (c) 2016, 2018, Oracle and/or its affiliates. All rights reserved.

Oracle is a registered trademark of Oracle Corporation and/or its
affiliates. Other names may be trademarks of their respective
owners.

Type '\help' or '\?' for help; '\quit' to exit.


 MySQL  JS > \sql
Switching to SQL mode... Commands end with ;

 MySQL  SQL > \connect --mysql root@localhost
Creating a Classic session to 'root@localhost'
Please provide the password for 'root@localhost': ****
Save password for 'root@localhost:3306'? [Y]es/[N]o/Ne[v]er (default No): n
Fetching schema names for autocompletion... Press ^C to stop.
Your MySQL connection id is 4
Server version: 5.5.61 MySQL Community Server (GPL)
No default schema selected; type \use <schema> to set one.

 MySQL  localhost:3306  SQL > \use northwind
Default schema set to `northwind`.
Fetching table and column names from `northwind` for auto-completion... Press ^C to stop.

 MySQL  localhost:3306  northwind  SQL > create database evaluacion_3
                                     ... ;
Query OK, 1 row affected (0.0017 sec)

 MySQL  localhost:3306  northwind  SQL > \use evaluacion_3
Default schema set to `evaluacion_3`.
Fetching table and column names from `evaluacion_3` for auto-completion... Press ^C to stop.

 MySQL  localhost:3306  evaluacion_3  SQL > SELECT new_function(4,7) as suma;
ERROR: 1318 (42000): ClassicResult.fetchOne: Incorrect number of arguments for FUNCTION evaluacion_3.new_function; expected 0, got 2

 MySQL  localhost:3306  evaluacion_3  SQL > SELECT new_function(4,7) as suma;
ERROR: 1318 (42000): ClassicResult.fetchOne: Incorrect number of arguments for FUNCTION evaluacion_3.new_function; expected 0, got 2

 MySQL  localhost:3306  evaluacion_3  SQL > SELECT suma_numeros(4,7) as SUMA;
+------+
| SUMA |
+------+
|   11 |
+------+
1 row in set (0.0252 sec)

 MySQL  localhost:3306  evaluacion_3  SQL > DECLARE suma int;
ERROR: 1064 (42000): You have an error in your SQL syntax; check the manual that corresponds to your MySQL server version for the right syntax to use near 'DECLARE suma int' at line 1

 MySQL  localhost:3306  evaluacion_3  SQL >     SET suma = num1 + num2;
ERROR: 1193 (HY000): Unknown system variable 'suma'

 MySQL  localhost:3306  evaluacion_3  SQL > RETURN suma;DECLARE suma int;
ERROR: 1064 (42000): You have an error in your SQL syntax; check the manual that corresponds to your MySQL server version for the right syntax to use near 'RETURN suma' at line 1
ERROR: 1064 (42000): You have an error in your SQL syntax; check the manual that corresponds to your MySQL server version for the right syntax to use near 'DECLARE suma int' at line 1

 MySQL  localhost:3306  evaluacion_3  SQL >     SET suma = num1 + num2;
ERROR: 1193 (HY000): Unknown system variable 'suma'

 MySQL  localhost:3306  evaluacion_3  SQL > \use northwind
Default schema set to `northwind`.
Fetching table and column names from `northwind` for auto-completion... Press ^C to stop.

 MySQL  localhost:3306  northwind  SQL > SELECT cuenta_clientes();
+-------------------+
| cuenta_clientes() |
+-------------------+
|                93 |
+-------------------+
1 row in set (0.0303 sec)

 MySQL  localhost:3306  northwind  SQL > SELECT cuenta_clientes() as Contador de clientes;
ERROR: 1064 (42000): You have an error in your SQL syntax; check the manual that corresponds to your MySQL server version for the right syntax to use near 'de clientes' at line 1

 MySQL  localhost:3306  northwind  SQL > SELECT cuenta_clientes() as Contador_de_clientes;
+----------------------+
| Contador_de_clientes |
+----------------------+
|                   93 |
+----------------------+
1 row in set (0.0003 sec)

 MySQL  localhost:3306  northwind  SQL > FIN DE LA PRACTICA